To honour the JVM settings for this build a single-use Daemon process will be forked. For more on this, please refer to https://docs.gradle.org/8.13/userguide/gradle_daemon.html#sec:disabling_the_daemon in the Gradle documentation.
Daemon will be stopped at the end of the build 
> Task :app:checkKotlinGradlePluginConfigurationErrors SKIPPED
> Task :app:preBuild UP-TO-DATE
> Task :app:preDebugBuild UP-TO-DATE
> Task :app:generateDebugBuildConfig UP-TO-DATE
> Task :app:checkDebugAarMetadata UP-TO-DATE
> Task :app:processDebugNavigationResources UP-TO-DATE
> Task :app:compileDebugNavigationResources UP-TO-DATE
> Task :app:generateDebugResValues UP-TO-DATE
> Task :app:processDebugGoogleServices FAILED
.\gradlew : 
At line:1 char:1
+ .\gradlew compileDebugKotlin 
--no-daemon --stacktrace 2>&1 
| Out-File ...
+ ~~~~~~~~~~~~~~~~~~~~~~~~~~~~~
~~~~~~~~~~~~~~~~~~~~~~~~~~~~~
    + CategoryInfo          :  
   NotSpecified: (:String) []  
  , RemoteException
    + FullyQualifiedErrorId :  
   NativeCommandError
 
FAILURE: Build failed with an 
exception.

* What went wrong:
Execution failed for task ':app
:processDebugGoogleServices'.
> File google-services.json is 
missing. 
  The Google Services Plugin 
cannot function without it. 
  Searched locations: C:\Users\
ParGA\AndroidStudioProjects\HMI
F-U-Mobile\app\src\debug\google
-services.json, C:\Users\ParGA\
AndroidStudioProjects\HMIF-U-Mo
bile\app\src\debug\google-servi
ces.json, C:\Users\ParGA\Androi
dStudioProjects\HMIF-U-Mobile\a
pp\src\google-services.json, C:
\Users\ParGA\AndroidStudioProje
cts\HMIF-U-Mobile\app\src\debug
\google-services.json, C:\Users
\ParGA\AndroidStudioProjects\HM
IF-U-Mobile\app\src\Debug\googl
e-services.json, C:\Users\ParGA
\AndroidStudioProjects\HMIF-U-M
obile\app\google-services.json

* Try:
> Run with --info or --debug 
option to get more log output.
> Run with --scan to get full 
insights.
> Get more help at 
https://help.gradle.org.

* Exception is:
org.gradle.api.tasks.TaskExecut
ionException: Execution failed 
for task ':app:processDebugGoog
leServices'.
	at org.gradle.api.internal.tas
ks.execution.ExecuteActionsTask
Executer.lambda$executeIfValid$
1(ExecuteActionsTaskExecuter.ja
va:130)
	at org.gradle.internal.Try$Fai
lure.ifSuccessfulOrElse(Try.jav
a:293)
	at org.gradle.api.internal.tas
ks.execution.ExecuteActionsTask
Executer.executeIfValid(Execute
ActionsTaskExecuter.java:128)
	at org.gradle.api.internal.tas
ks.execution.ExecuteActionsTask
Executer.execute(ExecuteActions
TaskExecuter.java:116)
	at org.gradle.api.internal.tas
ks.execution.ProblemsTaskPathTr
ackingTaskExecuter.execute(Prob
lemsTaskPathTrackingTaskExecute
r.java:40)
	at org.gradle.api.internal.tas
ks.execution.FinalizeProperties
TaskExecuter.execute(FinalizePr
opertiesTaskExecuter.java:46)
	at org.gradle.api.internal.tas
ks.execution.ResolveTaskExecuti
onModeExecuter.execute(ResolveT
askExecutionModeExecuter.java:5
1)
	at org.gradle.api.internal.tas
ks.execution.SkipTaskWithNoActi
onsExecuter.execute(SkipTaskWit
hNoActionsExecuter.java:57)
	at org.gradle.api.internal.tas
ks.execution.SkipOnlyIfTaskExec
uter.execute(SkipOnlyIfTaskExec
uter.java:74)
	at org.gradle.api.internal.tas
ks.execution.CatchExceptionTask
Executer.execute(CatchException
TaskExecuter.java:36)
	at org.gradle.api.internal.tas
ks.execution.EventFiringTaskExe
cuter$1.executeTask(EventFiring
TaskExecuter.java:77)
	at org.gradle.api.internal.tas
ks.execution.EventFiringTaskExe
cuter$1.call(EventFiringTaskExe
cuter.java:55)
	at org.gradle.api.internal.tas
ks.execution.EventFiringTaskExe
cuter$1.call(EventFiringTaskExe
cuter.java:52)
	at org.gradle.internal.operati
ons.DefaultBuildOperationRunner
$CallableBuildOperationWorker.e
xecute(DefaultBuildOperationRun
ner.java:210)
	at org.gradle.internal.operati
ons.DefaultBuildOperationRunner
$CallableBuildOperationWorker.e
xecute(DefaultBuildOperationRun
ner.java:205)
	at org.gradle.internal.operati
ons.DefaultBuildOperationRunner
$2.execute(DefaultBuildOperatio
nRunner.java:67)
	at org.gradle.internal.operati
ons.DefaultBuildOperationRunner
$2.execute(DefaultBuildOperatio
nRunner.java:60)
	at org.gradle.internal.operati
ons.DefaultBuildOperationRunner
.execute(DefaultBuildOperationR
unner.java:167)
	at org.gradle.internal.operati
ons.DefaultBuildOperationRunner
.execute(DefaultBuildOperationR
unner.java:60)
	at org.gradle.internal.operati
ons.DefaultBuildOperationRunner
.call(DefaultBuildOperationRunn
er.java:54)
	at org.gradle.api.internal.tas
ks.execution.EventFiringTaskExe
cuter.execute(EventFiringTaskEx
ecuter.java:52)
	at org.gradle.execution.plan.L
ocalTaskNodeExecutor.execute(Lo
calTaskNodeExecutor.java:42)
	at org.gradle.execution.taskgr
aph.DefaultTaskExecutionGraph$I
nvokeNodeExecutorsAction.execut
e(DefaultTaskExecutionGraph.jav
a:331)
	at org.gradle.execution.taskgr
aph.DefaultTaskExecutionGraph$I
nvokeNodeExecutorsAction.execut
e(DefaultTaskExecutionGraph.jav
a:318)
	at org.gradle.execution.taskgr
aph.DefaultTaskExecutionGraph$B
uildOperationAwareExecutionActi
on.lambda$execute$0(DefaultTask
ExecutionGraph.java:314)
	at org.gradle.internal.operati
ons.CurrentBuildOperationRef.wi
th(CurrentBuildOperationRef.jav
a:85)
	at org.gradle.execution.taskgr
aph.DefaultTaskExecutionGraph$B
uildOperationAwareExecutionActi
on.execute(DefaultTaskExecution
Graph.java:314)
	at org.gradle.execution.taskgr
aph.DefaultTaskExecutionGraph$B
uildOperationAwareExecutionActi
on.execute(DefaultTaskExecution
Graph.java:303)
	at org.gradle.execution.plan.D
efaultPlanExecutor$ExecutorWork
er.execute(DefaultPlanExecutor.
java:459)
	at org.gradle.execution.plan.D
efaultPlanExecutor$ExecutorWork
er.run(DefaultPlanExecutor.java
:376)
	at org.gradle.internal.concurr
ent.ExecutorPolicy$CatchAndReco
rdFailures.onExecute(ExecutorPo
licy.java:64)
	at org.gradle.internal.concurr
ent.AbstractManagedExecutor$1.r
un(AbstractManagedExecutor.java
:48)
Caused by: org.gradle.api.Gradl
eException: File 
google-services.json is 
missing. 
The Google Services Plugin 
cannot function without it. 
Searched locations: C:\Users\Pa
rGA\AndroidStudioProjects\HMIF-
U-Mobile\app\src\debug\google-s
ervices.json, C:\Users\ParGA\An
droidStudioProjects\HMIF-U-Mobi
le\app\src\debug\google-service
s.json, C:\Users\ParGA\AndroidS
tudioProjects\HMIF-U-Mobile\app
\src\google-services.json, C:\U
sers\ParGA\AndroidStudioProject
s\HMIF-U-Mobile\app\src\debug\g
oogle-services.json, C:\Users\P
arGA\AndroidStudioProjects\HMIF
-U-Mobile\app\src\Debug\google-
services.json, C:\Users\ParGA\A
ndroidStudioProjects\HMIF-U-Mob
ile\app\google-services.json
	at com.google.gms.googleservic
es.GoogleServicesTask.action(Go
ogleServicesTask.kt:77)
	at java.base/jdk.internal.refl
ect.DirectMethodHandleAccessor.
invoke(DirectMethodHandleAccess
or.java:104)
	at org.gradle.internal.reflect
.JavaMethod.invoke(JavaMethod.j
ava:125)
	at org.gradle.api.internal.pro
ject.taskfactory.StandardTaskAc
tion.doExecute(StandardTaskActi
on.java:58)
	at org.gradle.api.internal.pro
ject.taskfactory.StandardTaskAc
tion.execute(StandardTaskAction
.java:51)
	at org.gradle.api.internal.pro
ject.taskfactory.StandardTaskAc
tion.execute(StandardTaskAction
.java:29)
	at org.gradle.api.internal.tas
ks.execution.TaskExecution$3.ru
n(TaskExecution.java:244)
	at org.gradle.internal.operati
ons.DefaultBuildOperationRunner
$1.execute(DefaultBuildOperatio
nRunner.java:30)
	at org.gradle.internal.operati
ons.DefaultBuildOperationRunner
$1.execute(DefaultBuildOperatio
nRunner.java:27)
	at org.gradle.internal.operati
ons.DefaultBuildOperationRunner
$2.execute(DefaultBuildOperatio
nRunner.java:67)
	at org.gradle.internal.operati
ons.DefaultBuildOperationRunner
$2.execute(DefaultBuildOperatio
nRunner.java:60)
	at org.gradle.internal.operati
ons.DefaultBuildOperationRunner
.execute(DefaultBuildOperationR
unner.java:167)
	at org.gradle.internal.operati
ons.DefaultBuildOperationRunner
.execute(DefaultBuildOperationR
unner.java:60)
	at org.gradle.internal.operati
ons.DefaultBuildOperationRunner
.run(DefaultBuildOperationRunne
r.java:48)
	at org.gradle.api.internal.tas
ks.execution.TaskExecution.exec
uteAction(TaskExecution.java:22
9)
	at org.gradle.api.internal.tas
ks.execution.TaskExecution.exec
uteActions(TaskExecution.java:2
12)
	at org.gradle.api.internal.tas
ks.execution.TaskExecution.exec
uteWithPreviousOutputFiles(Task
Execution.java:195)
	at org.gradle.api.internal.tas
ks.execution.TaskExecution.exec
ute(TaskExecution.java:162)
	at org.gradle.internal.executi
on.steps.ExecuteStep.executeInt
ernal(ExecuteStep.java:105)
	at org.gradle.internal.executi
on.steps.ExecuteStep.access$000
(ExecuteStep.java:44)
	at org.gradle.internal.executi
on.steps.ExecuteStep$1.call(Exe
cuteStep.java:59)
	at org.gradle.internal.executi
on.steps.ExecuteStep$1.call(Exe
cuteStep.java:56)
	at org.gradle.internal.operati
ons.DefaultBuildOperationRunner
$CallableBuildOperationWorker.e
xecute(DefaultBuildOperationRun
ner.java:210)
	at org.gradle.internal.operati
ons.DefaultBuildOperationRunner
$CallableBuildOperationWorker.e
xecute(DefaultBuildOperationRun
ner.java:205)
	at org.gradle.internal.operati
ons.DefaultBuildOperationRunner
$2.execute(DefaultBuildOperatio
nRunner.java:67)
	at org.gradle.internal.operati
ons.DefaultBuildOperationRunner
$2.execute(DefaultBuildOperatio
nRunner.java:60)
	at org.gradle.internal.operati
ons.DefaultBuildOperationRunner
.execute(DefaultBuildOperationR
unner.java:167)
	at org.gradle.internal.operati
ons.DefaultBuildOperationRunner
.execute(DefaultBuildOperationR
unner.java:60)
	at org.gradle.internal.operati
ons.DefaultBuildOperationRunner
.call(DefaultBuildOperationRunn
er.java:54)
	at org.gradle.internal.executi
on.steps.ExecuteStep.execute(Ex
ecuteStep.java:56)
	at org.gradle.internal.executi
on.steps.ExecuteStep.execute(Ex
ecuteStep.java:44)
	at org.gradle.internal.executi
on.steps.CancelExecutionStep.ex
ecute(CancelExecutionStep.java:
42)
	at org.gradle.internal.executi
on.steps.TimeoutStep.executeWit
houtTimeout(TimeoutStep.java:75
)
	at org.gradle.internal.executi
on.steps.TimeoutStep.execute(Ti
meoutStep.java:55)
	at org.gradle.internal.executi
on.steps.PreCreateOutputParents
Step.execute(PreCreateOutputPar
entsStep.java:50)
	at org.gradle.internal.executi
on.steps.PreCreateOutputParents
Step.execute(PreCreateOutputPar
entsStep.java:28)
	at org.gradle.internal.executi
on.steps.RemovePreviousOutputsS
tep.execute(RemovePreviousOutpu
tsStep.java:67)
	at org.gradle.internal.executi
on.steps.RemovePreviousOutputsS
tep.execute(RemovePreviousOutpu
tsStep.java:37)
	at org.gradle.internal.executi
on.steps.BroadcastChangingOutpu
tsStep.execute(BroadcastChangin
gOutputsStep.java:61)
	at org.gradle.internal.executi
on.steps.BroadcastChangingOutpu
tsStep.execute(BroadcastChangin
gOutputsStep.java:26)
	at org.gradle.internal.executi
on.steps.CaptureOutputsAfterExe
cutionStep.execute(CaptureOutpu
tsAfterExecutionStep.java:69)
	at org.gradle.internal.executi
on.steps.CaptureOutputsAfterExe
cutionStep.execute(CaptureOutpu
tsAfterExecutionStep.java:46)
	at org.gradle.internal.executi
on.steps.ResolveInputChangesSte
p.execute(ResolveInputChangesSt
ep.java:40)
	at org.gradle.internal.executi
on.steps.ResolveInputChangesSte
p.execute(ResolveInputChangesSt
ep.java:29)
	at org.gradle.internal.executi
on.steps.BuildCacheStep.execute
WithoutCache(BuildCacheStep.jav
a:189)
	at org.gradle.internal.executi
on.steps.BuildCacheStep.lambda$
execute$1(BuildCacheStep.java:7
5)
	at org.gradle.internal.Either$
Right.fold(Either.java:175)
	at org.gradle.internal.executi
on.caching.CachingState.fold(Ca
chingState.java:62)
	at org.gradle.internal.executi
on.steps.BuildCacheStep.execute
(BuildCacheStep.java:73)
	at org.gradle.internal.executi
on.steps.BuildCacheStep.execute
(BuildCacheStep.java:48)
	at org.gradle.internal.executi
on.steps.StoreExecutionStateSte
p.execute(StoreExecutionStateSt
ep.java:46)
	at org.gradle.internal.executi
on.steps.StoreExecutionStateSte
p.execute(StoreExecutionStateSt
ep.java:35)
	at org.gradle.internal.executi
on.steps.SkipUpToDateStep.execu
teBecause(SkipUpToDateStep.java
:75)
	at org.gradle.internal.executi
on.steps.SkipUpToDateStep.lambd
a$execute$2(SkipUpToDateStep.ja
va:53)
	at org.gradle.internal.executi
on.steps.SkipUpToDateStep.execu
te(SkipUpToDateStep.java:53)
	at org.gradle.internal.executi
on.steps.SkipUpToDateStep.execu
te(SkipUpToDateStep.java:35)
	at org.gradle.internal.executi
on.steps.legacy.MarkSnapshottin
gInputsFinishedStep.execute(Mar
kSnapshottingInputsFinishedStep
.java:37)
	at org.gradle.internal.executi
on.steps.legacy.MarkSnapshottin
gInputsFinishedStep.execute(Mar
kSnapshottingInputsFinishedStep
.java:27)
	at org.gradle.internal.executi
on.steps.ResolveIncrementalCach
ingStateStep.executeDelegate(Re
solveIncrementalCachingStateSte
p.java:49)
	at org.gradle.internal.executi
on.steps.ResolveIncrementalCach
ingStateStep.executeDelegate(Re
solveIncrementalCachingStateSte
p.java:27)
	at org.gradle.internal.executi
on.steps.AbstractResolveCaching
StateStep.execute(AbstractResol
veCachingStateStep.java:71)
	at org.gradle.internal.executi
on.steps.AbstractResolveCaching
StateStep.execute(AbstractResol
veCachingStateStep.java:39)
	at org.gradle.internal.executi
on.steps.ResolveChangesStep.exe
cute(ResolveChangesStep.java:65
)
	at org.gradle.internal.executi
on.steps.ResolveChangesStep.exe
cute(ResolveChangesStep.java:36
)
	at org.gradle.internal.executi
on.steps.ValidateStep.execute(V
alidateStep.java:107)
	at org.gradle.internal.executi
on.steps.ValidateStep.execute(V
alidateStep.java:56)
	at org.gradle.internal.executi
on.steps.AbstractCaptureStateBe
foreExecutionStep.execute(Abstr
actCaptureStateBeforeExecutionS
tep.java:64)
	at org.gradle.internal.executi
on.steps.AbstractCaptureStateBe
foreExecutionStep.execute(Abstr
actCaptureStateBeforeExecutionS
tep.java:43)
	at org.gradle.internal.executi
on.steps.AbstractSkipEmptyWorkS
tep.executeWithNonEmptySources(
AbstractSkipEmptyWorkStep.java:
125)
	at org.gradle.internal.executi
on.steps.AbstractSkipEmptyWorkS
tep.execute(AbstractSkipEmptyWo
rkStep.java:56)
	at org.gradle.internal.executi
on.steps.AbstractSkipEmptyWorkS
tep.execute(AbstractSkipEmptyWo
rkStep.java:36)
	at org.gradle.internal.executi
on.steps.legacy.MarkSnapshottin
gInputsStartedStep.execute(Mark
SnapshottingInputsStartedStep.j
ava:38)
	at org.gradle.internal.executi
on.steps.LoadPreviousExecutionS
tateStep.execute(LoadPreviousEx
ecutionStateStep.java:36)
	at org.gradle.internal.executi
on.steps.LoadPreviousExecutionS
tateStep.execute(LoadPreviousEx
ecutionStateStep.java:23)
	at org.gradle.internal.executi
on.steps.HandleStaleOutputsStep
.execute(HandleStaleOutputsStep
.java:75)
	at org.gradle.internal.executi
on.steps.HandleStaleOutputsStep
.execute(HandleStaleOutputsStep
.java:41)
	at org.gradle.internal.executi
on.steps.AssignMutableWorkspace
Step.lambda$execute$0(AssignMut
ableWorkspaceStep.java:35)
	at org.gradle.api.internal.tas
ks.execution.TaskExecution$4.wi
thWorkspace(TaskExecution.java:
289)
	at org.gradle.internal.executi
on.steps.AssignMutableWorkspace
Step.execute(AssignMutableWorks
paceStep.java:31)
	at org.gradle.internal.executi
on.steps.AssignMutableWorkspace
Step.execute(AssignMutableWorks
paceStep.java:22)
	at org.gradle.internal.executi
on.steps.ChoosePipelineStep.exe
cute(ChoosePipelineStep.java:40
)
	at org.gradle.internal.executi
on.steps.ChoosePipelineStep.exe
cute(ChoosePipelineStep.java:23
)
	at org.gradle.internal.executi
on.steps.ExecuteWorkBuildOperat
ionFiringStep.lambda$execute$2(
ExecuteWorkBuildOperationFiring
Step.java:67)
	at org.gradle.internal.executi
on.steps.ExecuteWorkBuildOperat
ionFiringStep.execute(ExecuteWo
rkBuildOperationFiringStep.java
:67)
	at org.gradle.internal.executi
on.steps.ExecuteWorkBuildOperat
ionFiringStep.execute(ExecuteWo
rkBuildOperationFiringStep.java
:39)
	at org.gradle.internal.executi
on.steps.IdentityCacheStep.exec
ute(IdentityCacheStep.java:46)
	at org.gradle.internal.executi
on.steps.IdentityCacheStep.exec
ute(IdentityCacheStep.java:34)
	at org.gradle.internal.executi
on.steps.IdentifyStep.execute(I
dentifyStep.java:48)
	at org.gradle.internal.executi
on.steps.IdentifyStep.execute(I
dentifyStep.java:35)
	at org.gradle.internal.executi
on.impl.DefaultExecutionEngine$
1.execute(DefaultExecutionEngin
e.java:61)
	at org.gradle.api.internal.tas
ks.execution.ExecuteActionsTask
Executer.executeIfValid(Execute
ActionsTaskExecuter.java:127)
	at org.gradle.api.internal.tas
ks.execution.ExecuteActionsTask
Executer.execute(ExecuteActions
TaskExecuter.java:116)
	at org.gradle.api.internal.tas
ks.execution.ProblemsTaskPathTr
ackingTaskExecuter.execute(Prob
lemsTaskPathTrackingTaskExecute
r.java:40)
	at org.gradle.api.internal.tas
ks.execution.FinalizeProperties
TaskExecuter.execute(FinalizePr
opertiesTaskExecuter.java:46)
6 actionable tasks: 1 executed, 5 up-to-date
	at org.gradle.api.internal.tas
ks.execution.ResolveTaskExecuti
onModeExecuter.execute(ResolveT
askExecutionModeExecuter.java:5
1)
	at org.gradle.api.internal.tas
ks.execution.SkipTaskWithNoActi
onsExecuter.execute(SkipTaskWit
hNoActionsExecuter.java:57)
	at org.gradle.api.internal.tas
ks.execution.SkipOnlyIfTaskExec
uter.execute(SkipOnlyIfTaskExec
uter.java:74)
	at org.gradle.api.internal.tas
ks.execution.CatchExceptionTask
Executer.execute(CatchException
TaskExecuter.java:36)
	at org.gradle.api.internal.tas
ks.execution.EventFiringTaskExe
cuter$1.executeTask(EventFiring
TaskExecuter.java:77)
	at org.gradle.api.internal.tas
ks.execution.EventFiringTaskExe
cuter$1.call(EventFiringTaskExe
cuter.java:55)
	at org.gradle.api.internal.tas
ks.execution.EventFiringTaskExe
cuter$1.call(EventFiringTaskExe
cuter.java:52)
	at org.gradle.internal.operati
ons.DefaultBuildOperationRunner
$CallableBuildOperationWorker.e
xecute(DefaultBuildOperationRun
ner.java:210)
	at org.gradle.internal.operati
ons.DefaultBuildOperationRunner
$CallableBuildOperationWorker.e
xecute(DefaultBuildOperationRun
ner.java:205)
	at org.gradle.internal.operati
ons.DefaultBuildOperationRunner
$2.execute(DefaultBuildOperatio
nRunner.java:67)
	at org.gradle.internal.operati
ons.DefaultBuildOperationRunner
$2.execute(DefaultBuildOperatio
nRunner.java:60)
	at org.gradle.internal.operati
ons.DefaultBuildOperationRunner
.execute(DefaultBuildOperationR
unner.java:167)
	at org.gradle.internal.operati
ons.DefaultBuildOperationRunner
.execute(DefaultBuildOperationR
unner.java:60)
	at org.gradle.internal.operati
ons.DefaultBuildOperationRunner
.call(DefaultBuildOperationRunn
er.java:54)
	at org.gradle.api.internal.tas
ks.execution.EventFiringTaskExe
cuter.execute(EventFiringTaskEx
ecuter.java:52)
	at org.gradle.execution.plan.L
ocalTaskNodeExecutor.execute(Lo
calTaskNodeExecutor.java:42)
	at org.gradle.execution.taskgr
aph.DefaultTaskExecutionGraph$I
nvokeNodeExecutorsAction.execut
e(DefaultTaskExecutionGraph.jav
a:331)
	at org.gradle.execution.taskgr
aph.DefaultTaskExecutionGraph$I
nvokeNodeExecutorsAction.execut
e(DefaultTaskExecutionGraph.jav
a:318)
	at org.gradle.execution.taskgr
aph.DefaultTaskExecutionGraph$B
uildOperationAwareExecutionActi
on.lambda$execute$0(DefaultTask
ExecutionGraph.java:314)
	at org.gradle.internal.operati
ons.CurrentBuildOperationRef.wi
th(CurrentBuildOperationRef.jav
a:85)
	at org.gradle.execution.taskgr
aph.DefaultTaskExecutionGraph$B
uildOperationAwareExecutionActi
on.execute(DefaultTaskExecution
Graph.java:314)
	at org.gradle.execution.taskgr
aph.DefaultTaskExecutionGraph$B
uildOperationAwareExecutionActi
on.execute(DefaultTaskExecution
Graph.java:303)
	at org.gradle.execution.plan.D
efaultPlanExecutor$ExecutorWork
er.execute(DefaultPlanExecutor.
java:459)
	at org.gradle.execution.plan.D
efaultPlanExecutor$ExecutorWork
er.run(DefaultPlanExecutor.java
:376)
	at org.gradle.internal.concurr
ent.ExecutorPolicy$CatchAndReco
rdFailures.onExecute(ExecutorPo
licy.java:64)
	at org.gradle.internal.concurr
ent.AbstractManagedExecutor$1.r
un(AbstractManagedExecutor.java
:48)


BUILD FAILED in 11s
